// Jest Snapshot v1, https://goo.gl/fbAQLP

exports[`Button renders with minimal props 1`] = `"<button class=\\"sc-iBkjds kbDyjs\\">I'm some text</button>"`;

exports[`Button renders with props 1`] = `"<button class=\\"sc-iBkjds jdxbnc\\">I'm some text</button>"`;

exports[`ButtonGroup renders 1`] = `"<div class=\\"sc-ftvSup elGZAg\\"><button class=\\"sc-iBkjds kbDyjs\\">I'm some text</button><button class=\\"sc-iBkjds kbDyjs\\">I'm othertext</button></div>"`;
