// Jest Snapshot v1, https://goo.gl/fbAQLP

exports[`H1 renders with props 1`] = `"<h1 class=\\"sc-papXJ bVTERo\\">I'm text</h1>"`;

exports[`H1 renders without props 1`] = `"<h1 class=\\"sc-papXJ dpibek\\">I'm text</h1>"`;

exports[`H2 renders with props 1`] = `"<h2 class=\\"sc-jqUVSM gJCOIB\\">I'm text</h2>"`;

exports[`H2 renders without props 1`] = `"<h2 class=\\"sc-jqUVSM Ciayd\\">I'm text</h2>"`;

exports[`H3 renders 1`] = `"<h3 class=\\"sc-kDDrLX evDUfb\\">I'm text</h3>"`;

exports[`Legend renders 1`] = `"<legend class=\\"sc-iqcoie fFPEUy\\">I'm text</legend>"`;

exports[`ScreenReaderText renders 1`] = `"<span class=\\"sc-evZas pxLUy\\">I'm text</span>"`;

exports[`Span renders with props 1`] = `"<span font-size=\\"2rem\\" class=\\"sc-crXcEl efdBHH\\">I'm text</span>"`;

exports[`Span renders without props 1`] = `"<span class=\\"sc-crXcEl hLAISX\\">I'm text</span>"`;
